\BOOKMARK [1][-]{section.1}{\376\377\000I\000n\000t\000r\000o\000d\000u\000c\000t\000i\000o\000n}{}% 1
\BOOKMARK [1][-]{section.2}{\376\377\000I\000d\000e\000a\000l\000i\000z\000e\000d\000\040\000C\000M\000B\000\040\000P\000o\000w\000e\000r\000\040\000S\000p\000e\000c\000t\000r\000a}{}% 2
\BOOKMARK [1][-]{section.3}{\376\377\000R\000e\000a\000l\000i\000s\000t\000i\000c\000\040\000C\000M\000B\000\040\000P\000o\000w\000e\000r\000\040\000S\000p\000e\000c\000t\000r\000a}{}% 3
\BOOKMARK [2][-]{subsection.3.1}{\376\377\000H\000E\000A\000L\000P\000i\000x\000\040\000p\000i\000x\000e\000l\000i\000s\000a\000t\000i\000o\000n}{section.3}% 4
\BOOKMARK [2][-]{subsection.3.2}{\376\377\000B\000a\000n\000d\000-\000l\000i\000m\000i\000t\000\040\000a\000n\000d\000\040\000d\000o\000w\000n\000g\000r\000a\000d\000i\000n\000g}{section.3}% 5
\BOOKMARK [2][-]{subsection.3.3}{\376\377\000B\000e\000a\000m}{section.3}% 6
\BOOKMARK [2][-]{subsection.3.4}{\376\377\000P\000i\000x\000e\000l\000\040\000w\000i\000n\000d\000o\000w}{section.3}% 7
\BOOKMARK [2][-]{subsection.3.5}{\376\377\000M\000a\000s\000k\000i\000n\000g}{section.3}% 8
\BOOKMARK [2][-]{subsection.3.6}{\376\377\000F\000l\000a\000t\000-\000s\000k\000y\000\040\000p\000r\000o\000j\000e\000c\000t\000i\000o\000n\000\040\000a\000n\000d\000\040\000p\000a\000t\000c\000h\000\040\000s\000p\000e\000c\000t\000r\000a}{section.3}% 9
\BOOKMARK [2][-]{subsection.3.7}{\376\377\000P\000a\000t\000c\000h\000-\000l\000e\000v\000e\000l\000\040\000s\000t\000a\000n\000d\000a\000r\000d\000i\000s\000a\000t\000i\000o\000n}{section.3}% 10
\BOOKMARK [2][-]{subsection.3.8}{\376\377\000S\000u\000m\040\023\000d\000i\000f\000f\000e\000r\000e\000n\000c\000e\000\040\000n\000o\000i\000s\000e\000\040\000e\000s\000t\000i\000m\000a\000t\000e\000s\000\040\000f\000r\000o\000m\000\040\000i\000n\000d\000e\000p\000e\000n\000d\000e\000n\000t\000\040\000s\000p\000l\000i\000t\000s}{section.3}% 11
\BOOKMARK [1][-]{section.4}{\376\377\000D\000a\000t\000a}{}% 12
\BOOKMARK [2][-]{subsection.4.1}{\376\377\000O\000b\000s\000e\000r\000v\000e\000d\000\040\000C\000M\000B\000\040\000d\000a\000t\000a}{section.4}% 13
\BOOKMARK [2][-]{subsection.4.2}{\376\377\000p\000\050\000f\000\051\000:\000\040\000s\000i\000m\000u\000l\000a\000t\000e\000d\000\040\000C\000M\000B\000\040\000p\000r\000i\000o\000r\000s}{section.4}% 14
\BOOKMARK [2][-]{subsection.4.3}{\376\377\000p\000\050\000x\000\051\000:\000\040\000s\000i\000m\000u\000l\000a\000t\000e\000d\000\040\000f\000o\000r\000e\000g\000r\000o\000u\000n\000d\000\040\000p\000r\000i\000o\000r\000s}{section.4}% 15
\BOOKMARK [2][-]{subsection.4.4}{\376\377\000C\000o\000n\000v\000e\000r\000s\000i\000o\000n\000\040\000t\000o\000\040\000f\000l\000a\000t\000\040\000p\000a\000t\000c\000h\000e\000s\000\040\000a\000n\000d\000\040\000s\000a\000v\000e\000d\000\040\000p\000r\000i\000o\000r\000\040\000d\000a\000t\000a\000s\000e\000t\000s}{section.4}% 16
\BOOKMARK [1][-]{section.5}{\376\377\000D\000e\000t\000e\000r\000m\000i\000n\000i\000s\000t\000i\000c\000\040\000f\000l\000o\000w\000\040\000m\000a\000t\000c\000h\000i\000n\000g\000\040\000f\000o\000r\000\040\000p\000a\000t\000c\000h\000-\000b\000a\000s\000e\000d\000\040\000C\000M\000B\000\040\000p\000r\000i\000o\000r\000s}{}% 17
\BOOKMARK [2][-]{subsection.5.1}{\376\377\000M\000a\000t\000h\000e\000m\000a\000t\000i\000c\000a\000l\000\040\000f\000o\000r\000m\000a\000l\000i\000s\000m\000:\000\040\000p\000r\000o\000b\000a\000b\000i\000l\000i\000t\000y\000\040\000p\000a\000t\000h\000s\000\040\000a\000n\000d\000\040\000f\000l\000o\000w\000\040\000m\000a\000t\000c\000h\000i\000n\000g}{section.5}% 18
\BOOKMARK [3][-]{subsubsection.5.1.1}{\376\377\000P\000r\000o\000b\000a\000b\000i\000l\000i\000t\000y\000\040\000p\000a\000t\000h\000s\000\040\000a\000n\000d\000\040\000f\000l\000o\000w\000\040\000m\000o\000d\000e\000l\000s}{subsection.5.1}% 19
\BOOKMARK [3][-]{subsubsection.5.1.2}{\376\377\000C\000o\000n\000d\000i\000t\000i\000o\000n\000a\000l\000\040\000p\000r\000o\000b\000a\000b\000i\000l\000i\000t\000y\000\040\000p\000a\000t\000h\000\040\000a\000n\000d\000\040\000t\000h\000e\000\040\000m\000a\000r\000g\000i\000n\000a\000l\000i\000s\000a\000t\000i\000o\000n\000\040\000t\000h\000e\000o\000r\000e\000m}{subsection.5.1}% 20
\BOOKMARK [3][-]{subsubsection.5.1.3}{\376\377\000T\000h\000e\000\040\000c\000o\000n\000d\000i\000t\000i\000o\000n\000a\000l\000\040\000f\000l\000o\000w\000-\000m\000a\000t\000c\000h\000i\000n\000g\000\040\000l\000o\000s\000s}{subsection.5.1}% 21
\BOOKMARK [3][-]{subsubsection.5.1.4}{\376\377\000S\000c\000o\000r\000e\040\023\000v\000e\000l\000o\000c\000i\000t\000y\000\040\000c\000o\000r\000r\000e\000s\000p\000o\000n\000d\000e\000n\000c\000e\000\040\000a\000n\000d\000\040\000t\000h\000e\000\040\000d\000e\000t\000e\000r\000m\000i\000n\000i\000s\000t\000i\000c\000\040\000l\000i\000m\000i\000t}{subsection.5.1}% 22
\BOOKMARK [3][-]{subsubsection.5.1.5}{\376\377\000W\000h\000y\000\040\000d\000e\000t\000e\000r\000m\000i\000n\000i\000s\000t\000i\000c\000\040\000f\000l\000o\000w\000\040\000m\000a\000t\000c\000h\000i\000n\000g\000\040\000f\000o\000r\000\040\000t\000h\000i\000s\000\040\000w\000o\000r\000k}{subsection.5.1}% 23
\BOOKMARK [2][-]{subsection.5.2}{\376\377\000P\000r\000o\000b\000a\000b\000i\000l\000i\000t\000y\000\040\000p\000a\000t\000h\000:\000\040\000G\000a\000u\000s\000s\000i\000a\000n\000\040\000i\000n\000t\000e\000r\000p\000o\000l\000a\000n\000t\000\040\000w\000i\000t\000h\000\040\000l\000i\000n\000e\000a\000r\000\040\000s\000c\000h\000e\000d\000u\000l\000e}{section.5}% 24
\BOOKMARK [3][-]{subsubsection.5.2.1}{\376\377\000C\000o\000n\000d\000i\000t\000i\000o\000n\000a\000l\000\040\000v\000e\000l\000o\000c\000i\000t\000y\000\040\000f\000i\000e\000l\000d\000\040\000a\000n\000d\000\040\000n\000o\000i\000s\000e\000\040\000r\000e\000p\000a\000r\000a\000m\000e\000t\000r\000i\000s\000a\000t\000i\000o\000n}{subsection.5.2}% 25
\BOOKMARK [3][-]{subsubsection.5.2.2}{\376\377\000L\000i\000n\000e\000a\000r\000\040\000s\000c\000h\000e\000d\000u\000l\000e}{subsection.5.2}% 26
\BOOKMARK [3][-]{subsubsection.5.2.3}{\376\377\000I\000m\000p\000l\000i\000c\000a\000t\000i\000o\000n\000s\000\040\000f\000o\000r\000\040\000t\000r\000a\000i\000n\000i\000n\000g\000\040\000a\000n\000d\000\040\000s\000a\000m\000p\000l\000i\000n\000g}{subsection.5.2}% 27
\BOOKMARK [2][-]{subsection.5.3}{\376\377\000N\000e\000t\000w\000o\000r\000k\000\040\000a\000r\000c\000h\000i\000t\000e\000c\000t\000u\000r\000e}{section.5}% 28
\BOOKMARK [3][-]{subsubsection.5.3.1}{\376\377\000W\000h\000y\000\040\000a\000\040\000U\000-\000N\000e\000t\000\040\000f\000o\000r\000\040\000C\000M\000B\000\040\000p\000a\000t\000c\000h\000e\000s}{subsection.5.3}% 29
\BOOKMARK [3][-]{subsubsection.5.3.2}{\376\377\000M\000a\000c\000r\000o\000-\000s\000t\000r\000u\000c\000t\000u\000r\000e}{subsection.5.3}% 30
\BOOKMARK [3][-]{subsubsection.5.3.3}{\376\377\000T\000i\000m\000e\000\040\000c\000o\000n\000d\000i\000t\000i\000o\000n\000i\000n\000g}{subsection.5.3}% 31
\BOOKMARK [3][-]{subsubsection.5.3.4}{\376\377\000P\000a\000r\000a\000m\000e\000t\000e\000r\000\040\000c\000o\000u\000n\000t}{subsection.5.3}% 32
\BOOKMARK [2][-]{subsection.5.4}{\376\377\000T\000r\000a\000i\000n\000i\000n\000g\000:\000\040\000l\000o\000s\000s\000\040\000f\000u\000n\000c\000t\000i\000o\000n\000,\000\040\000o\000p\000t\000i\000m\000i\000s\000a\000t\000i\000o\000n\000,\000\040\000a\000n\000d\000\040\000t\000h\000e\000\040\000r\000o\000l\000e\000\040\000o\000f\000\040\000e\000a\000c\000h\000\040\000t\000e\000r\000m}{section.5}% 33
\BOOKMARK [3][-]{subsubsection.5.4.1}{\376\377\000L\000o\000s\000s\000\040\000f\000u\000n\000c\000t\000i\000o\000n}{subsection.5.4}% 34
\BOOKMARK [3][-]{subsubsection.5.4.2}{\376\377\000S\000y\000m\000m\000e\000t\000r\000y\000-\000a\000w\000a\000r\000e\000\040\000d\000a\000t\000a\000\040\000a\000u\000g\000m\000e\000n\000t\000a\000t\000i\000o\000n}{subsection.5.4}% 35
\BOOKMARK [3][-]{subsubsection.5.4.3}{\376\377\000T\000i\000m\000e\000-\000s\000a\000m\000p\000l\000i\000n\000g\000\040\000d\000i\000s\000t\000r\000i\000b\000u\000t\000i\000o\000n}{subsection.5.4}% 36
\BOOKMARK [3][-]{subsubsection.5.4.4}{\376\377\000O\000p\000t\000i\000m\000i\000s\000a\000t\000i\000o\000n\000,\000\040\000g\000r\000a\000d\000i\000e\000n\000t\000\040\000h\000y\000g\000i\000e\000n\000e\000,\000\040\000a\000n\000d\000\040\000w\000e\000i\000g\000h\000t\000\040\000a\000v\000e\000r\000a\000g\000i\000n\000g}{subsection.5.4}% 37
\BOOKMARK [3][-]{subsubsection.5.4.5}{\376\377\000B\000e\000s\000t\000-\000s\000p\000e\000c\000t\000r\000a\000l\000\040\000c\000h\000e\000c\000k\000p\000o\000i\000n\000t\000i\000n\000g}{subsection.5.4}% 38
\BOOKMARK [3][-]{subsubsection.5.4.6}{\376\377\000H\000y\000p\000e\000r\000p\000a\000r\000a\000m\000e\000t\000e\000r\000\040\000s\000u\000m\000m\000a\000r\000y}{subsection.5.4}% 39
\BOOKMARK [2][-]{subsection.5.5}{\376\377\000S\000a\000m\000p\000l\000i\000n\000g\000:\000\040\000d\000e\000t\000e\000r\000m\000i\000n\000i\000s\000t\000i\000c\000\040\000O\000D\000E\000\040\000i\000n\000t\000e\000g\000r\000a\000t\000i\000o\000n}{section.5}% 40
\BOOKMARK [3][-]{subsubsection.5.5.1}{\376\377\000N\000u\000m\000e\000r\000i\000c\000a\000l\000\040\000i\000n\000t\000e\000g\000r\000a\000t\000o\000r\000:\000\040\000H\000e\000u\000n\000'\000s\000\040\000s\000e\000c\000o\000n\000d\000-\000o\000r\000d\000e\000r\000\040\000m\000e\000t\000h\000o\000d}{subsection.5.5}% 41
\BOOKMARK [3][-]{subsubsection.5.5.2}{\376\377\000T\000e\000r\000m\000i\000n\000a\000l\000-\000s\000t\000a\000t\000e\000\040\000r\000e\000c\000o\000n\000s\000t\000r\000u\000c\000t\000i\000o\000n}{subsection.5.5}% 42
\BOOKMARK [3][-]{subsubsection.5.5.3}{\376\377\000S\000t\000a\000b\000i\000l\000i\000t\000y\000\040\000s\000a\000f\000e\000g\000u\000a\000r\000d\000s}{subsection.5.5}% 43
\BOOKMARK [3][-]{subsubsection.5.5.4}{\376\377\000P\000r\000o\000d\000u\000c\000t\000i\000o\000n\000\040\000s\000a\000m\000p\000l\000i\000n\000g\000\040\000c\000o\000n\000f\000i\000g\000u\000r\000a\000t\000i\000o\000n}{subsection.5.5}% 44
\BOOKMARK [2][-]{subsection.5.6}{\376\377\000D\000i\000a\000g\000n\000o\000s\000t\000i\000c\000s\000:\000\040\000v\000a\000l\000i\000d\000a\000t\000i\000n\000g\000\040\000t\000h\000e\000\040\000l\000e\000a\000r\000n\000e\000d\000\040\000p\000r\000i\000o\000r}{section.5}% 45
\BOOKMARK [3][-]{subsubsection.5.6.1}{\376\377\000R\000e\000f\000e\000r\000e\000n\000c\000e\000\040\000e\000n\000s\000e\000m\000b\000l\000e\000s}{subsection.5.6}% 46
\BOOKMARK [3][-]{subsubsection.5.6.2}{\376\377\000F\000l\000a\000t\000-\000s\000k\000y\000\040\000D\000\137\000e\000l\000l\000\040\000c\000o\000m\000p\000a\000r\000i\000s\000o\000n\000:\000\040\000d\000e\000f\000i\000n\000i\000t\000i\000o\000n}{subsection.5.6}% 47
\BOOKMARK [3][-]{subsubsection.5.6.3}{\376\377\000W\000h\000y\000\040\000t\000h\000i\000s\000\040\000i\000s\000\040\000t\000h\000e\000\040\000r\000e\000l\000e\000v\000a\000n\000t\000\040\000t\000e\000s\000t\000\040\000f\000o\000r\000\040\000a\000\040\000C\000M\000B\000\040\000p\000r\000i\000o\000r}{subsection.5.6}% 48
\BOOKMARK [3][-]{subsubsection.5.6.4}{\376\377\000R\000e\000a\000d\000i\000n\000g\000\040\000t\000h\000e\000\040\000d\000i\000a\000g\000n\000o\000s\000t\000i\000c\000s}{subsection.5.6}% 49
